>>> add_integer = __import__('0-add_integer').add_integer
>>> add_integer(2, 5)
7
>>> add_integer("nii", 5)
Traceback (most recent call last):
...
TypeError: a must be an integer
>>> add_integer(5, "nii")
Traceback (most recent call last):
...
TypeError: b must be an integer
>>> add_integer(-3, -4)
-7
>>> add_integer(3, 0)
3
